 { 
 function test : integer { 
 return with 1
 } 
 write test
 }
